// Jest Snapshot v1, https://goo.gl/fbAQLP

exports[`<AutoForm/> fills a flat form at startup (enzyme) 1`] = `
<div
  className="auto-form"
>
  <Input
    field={
      Object {
        "key": "__root__",
        "label": "My awesome form",
        "type": "object",
        "types": Array [
          Object {
            "key": "string",
            "type": "string",
          },
          Object {
            "key": "number",
            "type": "number",
          },
          Object {
            "key": "boolean",
            "type": "boolean",
          },
          Object {
            "key": "size_bytes",
            "type": "size-bytes",
          },
        ],
      }
    }
    model={
      Object {
        "__root__": Object {
          "boolean": true,
          "number": 23,
          "size_bytes": 42,
          "string": "Hello",
          "string_array": Array [
            "3",
            "yes",
            "this is dog",
          ],
        },
      }
    }
    onChange={[Function]}
  />
</div>
`;

exports[`<AutoForm/> fills a flat form at startup (react-testing-library) 1`] = `
<div
  class="auto-form"
>
  <div
    class="object-input"
  >
    <div
      class="type-picker"
    >
      <button
        class="bp3-button bp3-minimal bp3-small folder"
        type="button"
      >
        <span
          class="bp3-icon bp3-icon-caret-down"
          icon="caret-down"
        >
          <svg
            data-icon="caret-down"
            height="16"
            viewBox="0 0 16 16"
            width="16"
          >
            <desc>
              caret-down
            </desc>
            <path
              d="M12 6.5c0-.28-.22-.5-.5-.5h-7a.495.495 0 0 0-.37.83l3.5 4c.09.1.22.17.37.17s.28-.07.37-.17l3.5-4c.08-.09.13-.2.13-.33z"
              fill-rule="evenodd"
            />
          </svg>
        </span>
      </button>
      <div
        class="type-picker-label"
      >
        My awesome form
      </div>
    </div>
    <div
      class="input object-field"
    >
      <div
        class="type-picker"
      >
        <div
          class="type-picker-label"
        >
          String
        </div>
      </div>
      <div
        class="bp3-input-group primitive-input"
      >
        <input
          class="bp3-input"
          style="padding-right: 10px;"
          type="text"
          value="Hello"
        />
      </div>
    </div>
    <div
      class="input object-field"
    >
      <div
        class="type-picker"
      >
        <div
          class="type-picker-label"
        >
          Number
        </div>
      </div>
      <div
        class="bp3-control-group bp3-numeric-input primitive-input"
      >
        <div
          class="bp3-input-group"
        >
          <input
            autocomplete="off"
            class="bp3-input"
            style="padding-right: 10px;"
            type="text"
            value="23"
          />
        </div>
        <div
          class="bp3-button-group bp3-vertical bp3-fixed"
        >
          <button
            class="bp3-button"
            type="button"
          >
            <span
              class="bp3-icon bp3-icon-chevron-up"
              icon="chevron-up"
            >
              <svg
                data-icon="chevron-up"
                height="16"
                viewBox="0 0 16 16"
                width="16"
              >
                <desc>
                  chevron-up
                </desc>
                <path
                  d="M12.71 9.29l-4-4C8.53 5.11 8.28 5 8 5s-.53.11-.71.29l-4 4a1.003 1.003 0 0 0 1.42 1.42L8 7.41l3.29 3.29c.18.19.43.3.71.3a1.003 1.003 0 0 0 .71-1.71z"
                  fill-rule="evenodd"
                />
              </svg>
            </span>
          </button>
          <button
            class="bp3-button"
            type="button"
          >
            <span
              class="bp3-icon bp3-icon-chevron-down"
              icon="chevron-down"
            >
              <svg
                data-icon="chevron-down"
                height="16"
                viewBox="0 0 16 16"
                width="16"
              >
                <desc>
                  chevron-down
                </desc>
                <path
                  d="M12 5c-.28 0-.53.11-.71.29L8 8.59l-3.29-3.3a1.003 1.003 0 0 0-1.42 1.42l4 4c.18.18.43.29.71.29s.53-.11.71-.29l4-4A1.003 1.003 0 0 0 12 5z"
                  fill-rule="evenodd"
                />
              </svg>
            </span>
          </button>
        </div>
      </div>
    </div>
    <div
      class="input object-field"
    >
      <div
        class="type-picker"
      >
        <div
          class="type-picker-label"
        >
          Boolean
        </div>
      </div>
      <div
        class="bp3-html-select primitive-input"
      >
        <select>
          <option
            value="True"
          >
            True
          </option>
          <option
            value="False"
          >
            False
          </option>
        </select>
        <span
          class="bp3-icon bp3-icon-double-caret-vertical"
          icon="double-caret-vertical"
        >
          <svg
            data-icon="double-caret-vertical"
            height="16"
            viewBox="0 0 16 16"
            width="16"
          >
            <desc>
              double-caret-vertical
            </desc>
            <path
              d="M5 7h6a1.003 1.003 0 0 0 .71-1.71l-3-3C8.53 2.11 8.28 2 8 2s-.53.11-.71.29l-3 3A1.003 1.003 0 0 0 5 7zm6 2H5a1.003 1.003 0 0 0-.71 1.71l3 3c.18.18.43.29.71.29s.53-.11.71-.29l3-3A1.003 1.003 0 0 0 11 9z"
              fill-rule="evenodd"
            />
          </svg>
        </span>
      </div>
    </div>
    <div
      class="input object-field"
    >
      <div
        class="type-picker"
      >
        <div
          class="type-picker-label"
        >
          Size_bytes
        </div>
      </div>
      <div
        class="bp3-control-group bp3-numeric-input primitive-input"
      >
        <div
          class="bp3-input-group"
        >
          <input
            autocomplete="off"
            class="bp3-input"
            min="0"
            style="padding-right: 10px;"
            type="text"
            value="42"
          />
        </div>
        <div
          class="bp3-button-group bp3-vertical bp3-fixed"
        >
          <button
            class="bp3-button"
            type="button"
          >
            <span
              class="bp3-icon bp3-icon-chevron-up"
              icon="chevron-up"
            >
              <svg
                data-icon="chevron-up"
                height="16"
                viewBox="0 0 16 16"
                width="16"
              >
                <desc>
                  chevron-up
                </desc>
                <path
                  d="M12.71 9.29l-4-4C8.53 5.11 8.28 5 8 5s-.53.11-.71.29l-4 4a1.003 1.003 0 0 0 1.42 1.42L8 7.41l3.29 3.29c.18.19.43.3.71.3a1.003 1.003 0 0 0 .71-1.71z"
                  fill-rule="evenodd"
                />
              </svg>
            </span>
          </button>
          <button
            class="bp3-button"
            type="button"
          >
            <span
              class="bp3-icon bp3-icon-chevron-down"
              icon="chevron-down"
            >
              <svg
                data-icon="chevron-down"
                height="16"
                viewBox="0 0 16 16"
                width="16"
              >
                <desc>
                  chevron-down
                </desc>
                <path
                  d="M12 5c-.28 0-.53.11-.71.29L8 8.59l-3.29-3.3a1.003 1.003 0 0 0-1.42 1.42l4 4c.18.18.43.29.71.29s.53-.11.71-.29l4-4A1.003 1.003 0 0 0 12 5z"
                  fill-rule="evenodd"
                />
              </svg>
            </span>
          </button>
        </div>
      </div>
    </div>
  </div>
</div>
`;
